==============================================
Feature 4: ESP-NOW RX Test Sketch
Target board: esp8266:esp8266:generic
Library: /home/aidancrowther/Documents/Projects/Cline Testing/libraries/QuickESPNow
Sketch: /home/aidancrowther/Documents/Projects/Cline Testing/tests/espnow_universe_rx
Serial port: /dev/ttyUSB0
Flash after compile: false
==============================================
/home/aidancrowther/.arduino15/packages/esp8266/hardware/esp8266/3.1.2/tools/elf2bin.py:54: SyntaxWarning: "\s" is an invalid escape sequence. Such sequences will not work in the future. Did you mean "\\s"? A raw string is also an option.
  words = re.split('\s+', line)
/home/aidancrowther/.arduino15/packages/esp8266/hardware/esp8266/3.1.2/tools/elf2bin.py:73: SyntaxWarning: "\s" is an invalid escape sequence. Such sequences will not work in the future. Did you mean "\\s"? A raw string is also an option.
  words = re.split('\s+', line)
. Variables and constants in RAM (global, static), used 32224 / 80192 bytes (40%)
║   SEGMENT  BYTES    DESCRIPTION
╠══ DATA     1504     initialized variables
╠══ RODATA   2360     constants       
╚══ BSS      28360    zeroed variables
. Instruction RAM (IRAM_ATTR, ICACHE_RAM_ATTR), used 59747 / 65536 bytes (91%)
║   SEGMENT  BYTES    DESCRIPTION
╠══ ICACHE   32768    reserved space for flash instruction cache
╚══ IRAM     26979    code in IRAM    
. Code in flash (default, ICACHE_FLASH_ATTR), used 245008 / 1048576 bytes (23%)
║   SEGMENT  BYTES    DESCRIPTION
╚══ IROM     245008   code in flash   

==============================================
COMPILE SUCCESSFUL
Binary: /home/aidancrowther/Documents/Projects/Cline Testing/tests/espnow_universe_rx/build/esp8266.esp8266.generic/espnow_universe_rx.ino.bin
==============================================

Compilation only. Use -f to compile and flash.
Example:
  ./flash_espnow_rx.sh -f --port /dev/ttyUSB0
==============================================
RX_EXIT=0
