==============================================
Feature 4: ESP-NOW TX Test Sketch
Target board: esp8266:esp8266:generic
Library: /home/aidancrowther/Documents/Projects/Cline Testing/libraries/QuickESPNow
Sketch: /home/aidancrowther/Documents/Projects/Cline Testing/tests/espnow_universe_tx
Serial port: /dev/ttyUSB0
Flash after compile: false
Extra defines: -DTEST_DELAYED_FRAGMENT
==============================================
/home/aidancrowther/.arduino15/packages/esp8266/hardware/esp8266/3.1.2/tools/elf2bin.py:54: SyntaxWarning: "\s" is an invalid escape sequence. Such sequences will not work in the future. Did you mean "\\s"? A raw string is also an option.
  words = re.split('\s+', line)
/home/aidancrowther/.arduino15/packages/esp8266/hardware/esp8266/3.1.2/tools/elf2bin.py:73: SyntaxWarning: "\s" is an invalid escape sequence. Such sequences will not work in the future. Did you mean "\\s"? A raw string is also an option.
  words = re.split('\s+', line)
. Variables and constants in RAM (global, static), used 29436 / 80192 bytes (36%)
║   SEGMENT  BYTES    DESCRIPTION
╠══ DATA     1500     initialized variables
╠══ RODATA   1504     constants       
╚══ BSS      26432    zeroed variables
. Instruction RAM (IRAM_ATTR, ICACHE_RAM_ATTR), used 59747 / 65536 bytes (91%)
║   SEGMENT  BYTES    DESCRIPTION
╠══ ICACHE   32768    reserved space for flash instruction cache
╚══ IRAM     26979    code in IRAM    
. Code in flash (default, ICACHE_FLASH_ATTR), used 243696 / 1048576 bytes (23%)
║   SEGMENT  BYTES    DESCRIPTION
╚══ IROM     243696   code in flash   

==============================================
COMPILE SUCCESSFUL
Binary: /home/aidancrowther/Documents/Projects/Cline Testing/tests/espnow_universe_tx/build/esp8266.esp8266.generic/espnow_universe_tx.ino.bin
==============================================

Compilation only. Use -f to compile and flash.
Example:
  ./flash_espnow_tx.sh -f --port /dev/ttyUSB0
==============================================
TX_EXIT=0
